# 📁 Root 系統層級目錄映射
# MachineNativeOps Root Layer Filesystem Mapping
# Version: 1.0.0
# Last Modified: 2025-12-20T22:00:00Z

# =============================================================================
# MachineNativeOps Filesystem Mapping Configuration
# =============================================================================
# This file defines the mapping between logical directory names and their physical
# filesystem paths. It ensures consistent directory access across different
# system configurations and provides abstraction for filesystem management.
# =============================================================================

# === 目錄對應格式說明 ===
# 格式: logical_name:physical_path:filesystem_type:mount_options:permissions:description
# logical_name: 邏輯目錄名稱
# physical_path: 實體目錄路徑
# filesystem_type: 檔案系統類型 (ext4, xfs, btrfs, nfs, tmpfs, etc.)
# mount_options: 掛載選項
# permissions: 目錄權限
# description: 目錄描述

# === 根目錄結構 (Root Directory Structure) ===

# 系統根目錄
fs_root:/:rootfs:-rwxr-xr-x:System root directory
fs_bin:/bin:ext4:ro,relatime,rw:-rwxr-xr-x:Essential user binaries
fs_sbin:/sbin:ext4:ro,relatime,rw:-rwxr-xr-x:Essential system binaries
fs_lib:/lib:ext4:ro,relatime,rw:-r-xr-xr-x:Essential shared libraries
fs_lib64:/lib64:ext4:ro,relatime,rw:-r-xr-xr-x:Essential 64-bit shared libraries
fs_etc:/etc:ext4:relatime,rw:-rwxr-xr-x:System configuration files
fs_var:/var:ext4:relatime,rw:-rwxr-xr-x:Variable data files
fs_usr:/usr:ext4:relatime,rw:-rwxr-xr-x:User programs and data
fs_opt:/opt:ext4:relatime,rw:-rwxr-xr-x:Optional application software
fs_home:/home:ext4:relatime,rw:-rwxr-xr-x:User home directories
fs_tmp:/tmp:tmpfs:size=2G,rw,nosuid,nodev:-rwxrwxrwx:Temporary files
fs_boot:/boot:ext4:ro,relatime:-rwxr-xr-x:Boot loader files
fs_dev:/dev:devtmpfs:size=10M,mode=0755:-rwxr-xr-x:Device files
fs_proc:/proc:proc:-r-xr-xr-x:Process information
fs_sys:/sys:sysfs:-r-xr-xr-x:System information
fs_run:/run:tmpfs:size=100M,rw,nosuid,nodev:-rwxr-xr-x:Runtime variable data

# === MachineNativeOps 核心目錄 (MachineNativeOps Core Directories) ===

# 主要安裝目錄
mno_root:/opt/machinenativenops:ext4:relatime,rw:-rwxr-xr-x:MachineNativeOps root directory
mno_bin:/opt/machinenativenops/bin:ext4:relatime,rw:-rwxr-xr-x:MachineNativeOps executable binaries
mno_sbin:/opt/machinenativenops/sbin:ext4:relatime,rw:-rwxr-xr-x:MachineNativeOps system binaries
mno_lib:/opt/machinenativenops/lib:ext4:relatime,rw:-r-xr-xr-x:MachineNativeOps libraries
mno_lib64:/opt/machinenativenops/lib64:ext4:relatime,rw:-r-xr-xr-x:MachineNativeOps 64-bit libraries
mno_include:/opt/machinenativenops/include:ext4:ro,relatime:-r-xr-xr-x:MachineNativeOps header files
mno_share:/opt/machinenativenops/share:ext4:ro,relatime:-r-xr-xr-x:MachineNativeOps shared data
mno_etc:/etc/machinenativenops:ext4:relatime,rw:-rwxr-xr-x:MachineNativeOps configuration files
mno_var:/var/lib/machinenativenops:ext4:relatime,rw:-rwxr-xr-x:MachineNativeOps variable data
mno_log:/var/log/machinenativenops:ext4:relatime,rw:-rwxr-xr-x:MachineNativeOps log files
mno_run:/var/run/machinenativenops:tmpfs:size=50M,rw:-rwxr-xr-x:MachineNativeOps runtime files
mno_tmp:/tmp/machinenativenops:tmpfs:size=1G,rw,nosuid,nodev:-rwxrwxrwx:MachineNativeOps temporary files
mno_cache:/var/cache/machinenativenops:ext4:relatime,rw:-rwxr-xr-x:MachineNativeOps cache files
mno_spool:/var/spool/machinenativenops:ext4:relatime,rw:-rwxr-xr-x:MachineNativeOps spool files
mno_lock:/var/lock/machinenativenops:ext4:relatime,rw:-rwxr-xr-x:MachineNativeOps lock files

# === 模組目錄 (Module Directories) ===

# 模組儲存
mno_modules:/opt/machinenativenops/modules:ext4:relatime,rw:-rwxr-xr-x:MachineNativeOps modules
mno_modules_bin:/opt/machinenativenops/modules/bin:ext4:relatime,rw:-rwxr-xr-x:Module executable binaries
mno_modules_lib:/opt/machinenativenops/modules/lib:ext4:relatime,rw:-r-xr-xr-x:Module libraries
mno_modules_config:/opt/machinenativenops/modules/config:ext4:relatime,rw:-rwxr-xr-x:Module configuration files
mno_modules_data:/opt/machinenativenops/modules/data:ext4:relatime,rw:-rwxr-xr-x:Module data files
mno_modules_log:/opt/machinenativenops/modules/log:ext4:relatime,rw:-rwxr-xr-x:Module log files
mno_modules_tmp:/opt/machinenativenops/modules/tmp:tmpfs:size=500M,rw,nosuid,nodev:-rwxrwxrwx:Module temporary files
mno_modules_state:/opt/machinenativenops/modules/state:ext4:relatime,rw:-rwxr-xr-x:Module state files

# 特定模組目錄
mno_governance:/opt/machinenativenops/modules/governance:ext4:relatime,rw:-rwxr-xr-x:Governance module
mno_trust:/opt/machinenativenops/modules/trust:ext4:relatime,rw:-rwxr-xr-x:Trust management module
mno_provenance:/opt/machinenativenops/modules/provenance:ext4:relatime,rw:-rwxr-xr-x:Provenance tracking module
mno_integrity:/opt/machinenativenops/modules/integrity:ext4:relatime,rw:-rwxr-xr-x:Integrity validation module
mno_execution:/opt/machinenativenops/modules/execution:ext4:relatime,rw:-rwxr-xr-x:Execution engine module
mno_config:/opt/machinenativenops/modules/config:ext4:relatime,rw:-rwxr-xr-x:Configuration management module
mno_logging:/opt/machinenativenops/modules/logging:ext4:relatime,rw:-rwxr-xr-x:Logging service module
mno_monitoring:/opt/machinenativenops/modules/monitoring:ext4:relatime,rw:-rwxr-xr-x:Monitoring module

# === 安全目錄 (Security Directories) ===

# 信任與憑證
mno_trust_root:/etc/machinenativenops/trust:ext4:relatime,rw:-rwx------:Trust root certificates
mno_trust_certs:/etc/machinenativenops/trust/certs:ext4:relatime,rw:-rwx------:Trust certificates
mno_trust_keys:/etc/machinenativenops/trust/keys:ext4:relatime,rw:-rwx------:Trust private keys
mno_trust_crl:/etc/machinenativenops/trust/crl:ext4:relatime,rw:-rwx------:Certificate revocation lists
mno_trust_ocsp:/etc/machinenativenops/trust/ocsp:ext4:relatime,rw:-rwx------:OCSP responses
mno_trust_bundles:/etc/machinenativenops/trust/bundles:ext4:relatime,rw:-rwx------:Certificate bundles

# 安全配置
mno_security:/etc/machinenativenops/security:ext4:relatime,rw:-rwx------:Security configuration
mno_secrets:/etc/machinenativenops/secrets:ext4:relatime,rw:-rwx------:Secrets storage
mno_policies:/etc/machinenativenops/policies:ext4:relatime,rw:-rwx------:Security policies
mno_rules:/etc/machinenativenops/rules:ext4:relatime,rw:-rwx------:Security rules
mno_acls:/etc/machinenativenops/acls:ext4:relatime,rw:-rwx------:Access control lists
mno_profiles:/etc/machinenativenops/profiles:ext4:relatime,rw:-rwx------:Security profiles

# === 資料庫目錄 (Database Directories) ===

# 主要資料庫
mno_db_root:/var/lib/machinenativenops/db:ext4:relatime,rw:-rwxr-xr-x:Database root directory
mno_db_data:/var/lib/machinenativenops/db/data:ext4:relatime,rw:-rwx------:Database data files
mno_db_logs:/var/lib/machinenativenops/db/logs:ext4:relatime,rw:-rwx------:Database log files
mno_db_wal:/var/lib/machinenativenops/db/wal:ext4:relatime,rw:-rwx------:Database WAL files
mno_db_temp:/var/lib/machinenativenops/db/tmp:tmpfs:size=1G,rw,nosuid,nodev:-rwx------:Database temporary files
mno_db_backup:/var/lib/machinenativenops/db/backup:ext4:relatime,rw:-rwx------:Database backups
mno_db_archive:/var/lib/machinenativenops/db/archive:ext4:relatime,rw:-rwx------:Database archives

# 特定資料庫
mno_postgresql:/var/lib/machinenativenops/db/postgresql:ext4:relatime,rw:-rwx------:PostgreSQL database
mno_mysql:/var/lib/machinenativenops/db/mysql:ext4:relatime,rw:-rwx------:MySQL database
mno_redis:/var/lib/machinenativenops/db/redis:ext4:relatime,rw:-rwx------:Redis database
mno_mongodb:/var/lib/machinenativenops/db/mongodb:ext4:relatime,rw:-rwx------:MongoDB database
mno_elasticsearch:/var/lib/machinenativenops/db/elasticsearch:ext4:relatime,rw:-rwx------:Elasticsearch database

# === 快取目錄 (Cache Directories) ===

# 主要快取
mno_cache_root:/var/cache/machinenativenops:ext4:relatime,rw:-rwxr-xr-x:Cache root directory
mno_cache_memory:/var/cache/machinenativenops/memory:tmpfs:size=2G,rw,nosuid,nodev:-rwxrwxrwx:Memory cache
mno_cache_disk:/var/cache/machinenativenops/disk:ext4:relatime,rw:-rwxr-xr-x:Disk cache
mno_cache_network:/var/cache/machinenativenops/network:ext4:relatime,rw:-rwxr-xr-x:Network cache
mno_cache_app:/var/cache/machinenativenops/app:ext4:relatime,rw:-rwxr-xr-x:Application cache
mno_cache_temp:/var/cache/machinenativenops/temp:tmpfs:size=500M,rw,nosuid,nodev:-rwxrwxrwx:Temporary cache

# === 備份目錄 (Backup Directories) ===

# 主要備份
mno_backup_root:/var/backups/machinenativenops:ext4:relatime,rw:-rwxr-xr-x:Backup root directory
mno_backup_config:/var/backups/machinenativenops/config:ext4:relatime,rw:-rwxr-xr-x:Configuration backups
mno_backup_data:/var/backups/machinenativenops/data:ext4:relatime,rw:-rwxr-xr-x:Data backups
mno_backup_logs:/var/backups/machinenativenops/logs:ext4:relatime,rw:-rwxr-xr-x:Log backups
mno_backup_db:/var/backups/machinenativenops/db:ext4:relatime,rw:-rwxr-xr-x:Database backups
mno_backup_system:/var/backups/machinenativenops/system:ext4:relatime,rw:-rwxr-xr-x:System backups
mno_backup_archive:/var/backups/machinenativenops/archive:ext4:relatime,rw:-rwxr-xr-x:Archive backups

# === 監控目錄 (Monitoring Directories) ===

# 監控資料
mno_monitoring:/var/lib/machinenativenops/monitoring:ext4:relatime,rw:-rwxr-xr-x:Monitoring root directory
mno_metrics:/var/lib/machinenativenops/monitoring/metrics:ext4:relatime,rw:-rwxr-xr-x:Metrics data
mno_alerts:/var/lib/machinenativenops/monitoring/alerts:ext4:relatime,rw:-rwxr-xr-x:Alert data
mno_dashboards:/var/lib/machinenativenops/monitoring/dashboards:ext4:relatime,rw:-rwxr-xr-x:Dashboard configurations
mno_reports:/var/lib/machinenativenops/monitoring/reports:ext4:relatime,rw:-rwxr-xr-x:Monitoring reports
mno_traces:/var/lib/machinenativenops/monitoring/traces:ext4:relatime,rw:-rwxr-xr-x:Distributed traces

# === 工作流程目錄 (Workflow Directories) ===

# 工作流程
mno_workflows:/etc/machinenativenops/workflows:ext4:relatime,rw:-rwxr-xr-x:Workflow definitions
mno_workflow_data:/var/lib/machinenativenops/workflows:ext4:relatime,rw:-rwxr-xr-x:Workflow data
mno_workflow_state:/var/lib/machinenativenops/workflows/state:ext4:relatime,rw:-rwxr-xr-x:Workflow state
mno_workflow_queue:/var/lib/machinenativenops/workflows/queue:ext4:relatime,rw:-rwxr-xr-x:Workflow queue
mno_workflow_temp:/var/lib/machinenativenops/workflows/tmp:tmpfs:size=500M,rw,nosuid,nodev:-rwx------:Workflow temporary files

# === 開發目錄 (Development Directories) ===

# 開發環境
mno_dev_root:/opt/machinenativenops/dev:ext4:relatime,rw:-rwxr-xr-x:Development root directory
mno_dev_source:/opt/machinenativenops/dev/src:ext4:relatime,rw:-rwxr-xr-x:Source code
mno_dev_build:/opt/machinenativenops/dev/build:ext4:relatime,rw:-rwxr-xr-x:Build artifacts
mno_dev_test:/opt/machinenativenops/dev/test:ext4:relatime,rw:-rwxr-xr-x:Test files
mno_dev_docs:/opt/machinenativenops/dev/docs:ext4:relatime,rw:-rwxr-xr-x:Documentation
mno_dev_tools:/opt/machinenativenops/dev/tools:ext4:relatime,rw:-rwxr-xr-x:Development tools

# === 日誌目錄 (Log Directories) ===

# 日誌分類
mno_log_root:/var/log/machinenativenops:ext4:relatime,rw:-rwxr-xr-x:Log root directory
mno_log_system:/var/log/machinenativenops/system:ext4:relatime,rw:-rwxr-xr-x:System logs
mno_log_security:/var/log/machinenativenops/security:ext4:relatime,rw:-rwx------:Security logs
mno_log_audit:/var/log/machinenativenops/audit:ext4:relatime,rw:-rwx------:Audit logs
mno_log_performance:/var/log/machinenativenops/performance:ext4:relatime,rw:-rwxr-xr-x:Performance logs
mno_log_application:/var/log/machinenativenops/application:ext4:relatime,rw:-rwxr-xr-x:Application logs
mno_log_access:/var/log/machinenativenops/access:ext4:relatime,rw:-rwxr-xr-x:Access logs
mno_log_error:/var/log/machinenativenops/error:ext4:relatime,rw:-rwxr-xr-x:Error logs

# === 暫存目錄 (Temporary Directories) ===

# 暫存分類
mno_tmp_root:/tmp/machinenativenops:tmpfs:size=2G,rw,nosuid,nodev:-rwxrwxrwx:Temporary root directory
mno_tmp_upload:/tmp/machinenativenops/upload:tmpfs:size=500M,rw,nosuid,nodev:-rwxrwxrwx:Upload temporary files
mno_tmp_processing:/tmp/machinenativenops/processing:tmpfs:size=1G,rw,nosuid,nodev:-rwxrwxrwx:Processing temporary files
mno_tmp_extract:/tmp/machinenativenops/extract:tmpfs:size=500M,rw,nosuid,nodev,-rwxrwxrwx:Extraction temporary files
mno_tmp_session:/tmp/machinenativenops/session:tmpfs:size=100M,rw,nosuid,nodev:-rwx------:Session temporary files

# === 網路儲存目錄 (Network Storage Directories) ===

# NFS 掛載
mno_nfs_root:/mnt/machinenativenops/nfs:nfs:vers=4.1,rw,hard,intr:-rwxr-xr-x:NFS root directory
mno_nfs_shared:/mnt/machinenativenops/nfs/shared:nfs:vers=4.1,rw,hard,intr:-rwxr-xr-x:Shared NFS storage
mno_nfs_backup:/mnt/machinenativenops/nfs/backup:nfs:vers=4.1,rw,hard,intr:-rwxr-xr-x:NFS backup storage

# === 容器儲存目錄 (Container Storage Directories) ===

# Docker
mno_docker_root:/var/lib/docker:ext4:relatime,rw:-rwxr-xr-x:Docker root directory
mno_docker_images:/var/lib/docker/images:ext4:relatime,rw:-rwxr-xr-x:Docker images
mno_docker_containers:/var/lib/docker/containers:ext4:relatime,rw:-rwxr-xr-x:Docker containers
mno_docker_volumes:/var/lib/docker/volumes:ext4:relatime,rw:-rwxr-xr-x:Docker volumes

# Kubernetes
mno_kube_root:/var/lib/kubelet:ext4:relatime,rw:-rwxr-xr-x:Kubelet root directory
mno_kube_pods:/var/lib/kubelet/pods:ext4:relatime,rw:-rwxr-xr-x:Kubernetes pods
mno_kube_volumes:/var/lib/kubelet/volumes:ext4:relatime,rw:-rwxr-xr-x:Kubernetes volumes

# === 目錄群組定義 (Directory Group Definitions) ===

# 系統關鍵目錄
[critical_directories]
members=fs_root,fs_etc,fs_bin,fs_sbin,mno_root,mno_etc,mno_bin,mno_trust_keys,mno_secrets
description=Critical system directories required for basic operation

# 資料目錄
[data_directories]
members=mno_var,mno_db_data,mno_cache_disk,mno_backup_data,mno_workflow_data,mno_log_system
description=Data storage directories

# 安全目錄
[security_directories]
members=mno_trust_root,mno_security,mno_secrets,mno_policies,mno_log_security,mno_log_audit
description=Security-related directories with restricted access

# 暫存目錄
[temporary_directories]
members=fs_tmp,mno_tmp_root,mno_cache_memory,mno_db_temp,mno_workflow_tmp
description=Temporary directories with volatile data

# === 目錄權限映射 (Directory Permission Mappings) ===

# 管理員權限
[admin_permissions]
directories=mno_trust_keys,mno_secrets,mno_db_data,mno_log_security,mno_log_audit
permissions=700
owner=root
group=root
description=Directories requiring administrator access

# 服務權限
[service_permissions]
directories=mno_var,mno_cache_disk,mno_log_application,mno_workflow_data
permissions=755
owner=machinenativenops
group=machinenativenops
description=Directories accessible to service accounts

# 唯讀權限
[readonly_permissions]
directories=mno_bin,mno_lib,mno_share,fs_bin,fs_lib
permissions=755
owner=root
group=root
description=Directories with read-only access for most users

# === 目錄監控配置 (Directory Monitoring Configuration) ===

# 監控規則
[monitoring_rules]
rule1=monitor directory fs_etc for changes every 60s
rule2=monitor directory mno_log_error for new files every 10s
rule3=monitor directory mno_tmp_root for size every 30s
rule4=monitor directory mno_cache_memory for usage every 5s

# 告警閾值
[alert_thresholds]
directory_size_warning=10GB
directory_size_critical=50GB
file_count_warning=10000
file_count_critical=50000
disk_usage_warning=80
disk_usage_critical=95

# === 目錄維護配置 (Directory Maintenance Configuration) ===

# 清理規則
[cleanup_rules]
rule1=clean mno_tmp_root files older than 24h
rule2=clean mno_log_application files older than 30d
rule3=clean mno_cache_disk files older than 7d
rule4=clean mno_backup_archive files older than 1y

# 維護排程
[maintenance_schedule]
daily_cleanup=02:30
weekly_cleanup=Sunday 03:00
monthly_cleanup=First Sunday 04:00
emergency_cleanup=as_needed

# === Cloudflare Edge 服務目錄 (Cloudflare Edge Service Directories) ===

# Cloudflare 核心目錄
mno_cloudflare:/opt/machinenativenops/cloudflare:ext4:relatime,rw:-rwxr-xr-x:Cloudflare edge services root
mno_cf_workers:/opt/machinenativenops/cloudflare/workers:ext4:relatime,rw:-rwxr-xr-x:Cloudflare Workers source code
mno_cf_pages:/opt/machinenativenops/cloudflare/pages:ext4:relatime,rw:-rwxr-xr-x:Cloudflare Pages configuration
mno_cf_config:/etc/machinenativenops/cloudflare:ext4:relatime,rw:-rwx------:Cloudflare configuration
mno_cf_secrets:/etc/machinenativenops/cloudflare/secrets:ext4:relatime,rw:-rwx------:Cloudflare API tokens and secrets

# Cloudflare 資料儲存 (映射至 Cloudflare 服務)
mno_cf_kv:/var/lib/machinenativenops/cloudflare/kv:ext4:relatime,rw:-rwxr-xr-x:Cloudflare KV namespace data (local cache)
mno_cf_d1:/var/lib/machinenativenops/cloudflare/d1:ext4:relatime,rw:-rwx------:Cloudflare D1 database (local cache)
mno_cf_r2:/var/lib/machinenativenops/cloudflare/r2:ext4:relatime,rw:-rwxr-xr-x:Cloudflare R2 storage (local cache)
mno_cf_durable:/var/lib/machinenativenops/cloudflare/durable-objects:ext4:relatime,rw:-rwxr-xr-x:Cloudflare Durable Objects state

# Cloudflare 日誌與監控
mno_cf_logs:/var/log/machinenativenops/cloudflare:ext4:relatime,rw:-rwxr-xr-x:Cloudflare deployment logs
mno_cf_analytics:/var/lib/machinenativenops/cloudflare/analytics:ext4:relatime,rw:-rwxr-xr-x:Cloudflare analytics data
mno_cf_cache:/var/cache/machinenativenops/cloudflare:ext4:relatime,rw:-rwxr-xr-x:Cloudflare edge cache

# GitHub 整合目錄
mno_github:/opt/machinenativenops/github:ext4:relatime,rw:-rwxr-xr-x:GitHub integration root
mno_gh_webhooks:/var/lib/machinenativenops/github/webhooks:ext4:relatime,rw:-rwxr-xr-x:GitHub webhook event storage
mno_gh_actions:/var/lib/machinenativenops/github/actions:ext4:relatime,rw:-rwxr-xr-x:GitHub Actions workflow data
mno_gh_secrets:/etc/machinenativenops/github/secrets:ext4:relatime,rw:-rwx------:GitHub API tokens

# === Cloudflare 目錄群組 (Cloudflare Directory Groups) ===

# Cloudflare 服務目錄
[cloudflare_directories]
members=mno_cloudflare,mno_cf_workers,mno_cf_pages,mno_cf_config,mno_cf_kv,mno_cf_d1,mno_cf_r2
description=Cloudflare edge service directories

# GitHub 整合目錄
[github_integration_directories]
members=mno_github,mno_gh_webhooks,mno_gh_actions,mno_gh_secrets
description=GitHub integration directories